// Jest Snapshot v1, https://goo.gl/fbAQLP

exports[`Todos should renders correctly 1`] = `
<div>
  <div
    class="card todo-input"
  >
    <form
      aria-label="form"
    >
      <label
        class=""
      >
        <input
          class="checkbox"
          disabled=""
          type="checkbox"
        />
      </label>
      <input
        class="textInput"
        name="todo-input"
        placeholder="What should be done?"
        type="text"
        value=""
      />
    </form>
    <span
      class="error-message"
    />
  </div>
  <div
    class="card todo-list"
  >
    <p>
      All todos completed! Add a todo and it will be displayed here.
    </p>
    <footer
      class="todo-footer"
    >
      <span>
        All done!
      </span>
      <ul
        class="todo-filter"
      >
        <li>
          <button
            class="button selected"
            type="button"
            value="All"
          >
            All
          </button>
        </li>
        <li>
          <button
            class="button"
            type="button"
            value="Active"
          >
            Active
          </button>
        </li>
        <li>
          <button
            class="button"
            type="button"
            value="Completed"
          >
            Completed
          </button>
        </li>
      </ul>
      <button
        class="button todo-clear-completed"
        type="button"
        value="Clear completed"
      >
        Clear completed
      </button>
    </footer>
  </div>
</div>
`;
