// Jest Snapshot v1, https://goo.gl/fbAQLP

exports[`TodoInput component should render correctly 1`] = `
<div
  className="card todo-input"
>
  <form
    aria-label="form"
    onSubmit={[Function]}
  >
    <label>
      <input
        className="checkbox"
        disabled={true}
        type="checkbox"
      />
    </label>
    <input
      name="todo-input"
      onChange={[Function]}
      placeholder="What should be done?"
      type="text"
      value=""
    />
  </form>
  <span
    className="error-message"
  />
</div>
`;
